// Jest Snapshot v1, https://goo.gl/fbAQLP

exports[`Sidebar renders correctly 1`] = `
<div
  className="sidebar-border bg-2 pb-3 col-xl-3 col-md-4 col-sm-5 col-10 order-xl-2 order-md-2 order-sm-2 order-1"
  id="sidebar"
>
  <aside>
    <div
      className="mx-1 justify-content-between justify-content-md-start row"
    >
      <div
        className="px-0 col-12"
      >
        <h2
          className="mt-3 mb-2"
        >
          Subreddits
        </h2>
        <hr
          className="mt-0"
        />
      </div>
      <svg
        className="icon-loading loading"
        height={44}
        viewBox="0 0 44 44"
        width={44}
      >
        <g
          fill="none"
          fillRule="evenodd"
          stroke="#fff"
          strokeWidth={2}
        >
          <circle
            cx={22}
            cy={22}
            r={1}
          >
            <animate
              attributeName="r"
              begin="0s"
              calcMode="spline"
              dur="1.8s"
              keySplines="0.165, 0.84, 0.44, 1"
              keyTimes="0; 1"
              repeatCount="indefinite"
              values="1; 20"
            />
            <animate
              attributeName="stroke-opacity"
              begin="0s"
              calcMode="spline"
              dur="1.8s"
              keySplines="0.3, 0.61, 0.355, 1"
              keyTimes="0; 1"
              repeatCount="indefinite"
              values="1; 0"
            />
          </circle>
          <circle
            cx={22}
            cy={22}
            r={1}
          >
            <animate
              attributeName="r"
              begin="-0.9s"
              calcMode="spline"
              dur="1.8s"
              keySplines="0.165, 0.84, 0.44, 1"
              keyTimes="0; 1"
              repeatCount="indefinite"
              values="1; 20"
            />
            <animate
              attributeName="stroke-opacity"
              begin="-0.9s"
              calcMode="spline"
              dur="1.8s"
              keySplines="0.3, 0.61, 0.355, 1"
              keyTimes="0; 1"
              repeatCount="indefinite"
              values="1; 0"
            />
          </circle>
        </g>
      </svg>
    </div>
  </aside>
</div>
`;
