// Jest Snapshot v1, https://goo.gl/fbAQLP

exports[`ThreadModal renders correctly 1`] = `
Array [
  <div
    className="fade modal-backdrop show"
    onClick={[Function]}
  />,
  <div
    aria-modal={true}
    className="fade modal show"
    onClick={[Function]}
    onMouseUp={[Function]}
    role="dialog"
    style={Object {}}
    tabIndex={-1}
  >
    <div
      className="modal-dialog thread-modal"
      onMouseDown={[Function]}
    >
      <div
        className="modal-content"
      >
        <div
          className="justify-content-end mx-3 py-1 px-0 modal-header"
        >
          <button
            className="lh-0 rounded"
            onClick={[MockFunction]}
          >
            <svg
              aria-hidden="true"
              className="svg-inline--fa fa-xmark fa-2x modal-close"
              data-icon="xmark"
              data-prefix="fas"
              focusable="false"
              role="img"
              style={Object {}}
              viewBox="0 0 320 512"
              xmlns="http://www.w3.org/2000/svg"
            >
              <path
                d="M310.6 361.4c12.5 12.5 12.5 32.75 0 45.25C304.4 412.9 296.2 416 288 416s-16.38-3.125-22.62-9.375L160 301.3L54.63 406.6C48.38 412.9 40.19 416 32 416S15.63 412.9 9.375 406.6c-12.5-12.5-12.5-32.75 0-45.25l105.4-105.4L9.375 150.6c-12.5-12.5-12.5-32.75 0-45.25s32.75-12.5 45.25 0L160 210.8l105.4-105.4c12.5-12.5 32.75-12.5 45.25 0s12.5 32.75 0 45.25l-105.4 105.4L310.6 361.4z"
                fill="currentColor"
                style={Object {}}
              />
            </svg>
          </button>
        </div>
        <div
          className="pt-0 modal-body"
        >
          <img
            alt=""
            className="w-100 rounded no-js-320"
            src="data:image/gif;base64,R0lGODlhAQABAIAAAP///wAAACH5BAEAAAAALAAAAAABAAEAAAICRAEAOw=="
          />
          <noscript>
            <style>
              .no-js-320 { display: none !important; }
            </style>
            <img
              alt=""
              className="w-100 rounded"
              src="http://placekitten.com/g/480/320"
            />
          </noscript>
        </div>
      </div>
    </div>
  </div>,
]
`;
